declarations_in_blocks.adb:5:8: rule violation: block statement with local declaration
5 |        declare                       --  FLAG
  |        ^^^^

