FunDecl
|f_annotation: <null>
|f_name:
|  Identifier: dummy
|f_fun_expr:
|  NamedFunction
|  |f_parameters:
|  |  ParameterDeclList
|  |  |  ParameterDecl
|  |  |  |f_param_identifier:
|  |  |  |  Identifier: a
|  |  |  |f_type_annotation: <null>
|  |  |  |f_default_expr: <null>
|  |  |  ParameterDecl
|  |  |  |f_param_identifier:
|  |  |  |  Identifier: b
|  |  |  |f_type_annotation: <null>
|  |  |  |f_default_expr:
|  |  |  |  IntegerLiteral: 40
|  |  |  ParameterDecl
|  |  |  |f_param_identifier:
|  |  |  |  Identifier: c
|  |  |  |f_type_annotation: <null>
|  |  |  |f_default_expr:
|  |  |  |  IntegerLiteral: 2
|  |f_body_expr:
|  |  ArithBinOp
|  |  |f_left:
|  |  |  ArithBinOp
|  |  |  |f_left:
|  |  |  |  Identifier: a
|  |  |  |f_op:
|  |  |  |  OpPlus
|  |  |  |f_right:
|  |  |  |  Identifier: b
|  |  |f_op:
|  |  |  OpPlus
|  |  |f_right:
|  |  |  Identifier: c
