Built-in print function. Prints whatever is passed as an argument
Given any object, return the documentation associated with it
Yields all the descendants of the given node
This is the docstring
This is the selector's docstring
Pouet pouet pouet pouet
