BinOp
|left:
|  RelBinOp
|  |left:
|  |  IntegerLiteral: 5
|  |op:
|  |  OpEq
|  |right:
|  |  IntegerLiteral: 5
|op:
|  OpAnd
|right:
|  RelBinOp
|  |left:
|  |  ArithBinOp
|  |  |left:
|  |  |  IntegerLiteral: 5
|  |  |op:
|  |  |  OpPlus
|  |  |right:
|  |  |  IntegerLiteral: 1
|  |op:
|  |  OpNeq
|  |right:
|  |  IntegerLiteral: 5
