ArithBinOp
|left:
|  IntegerLiteral: 84
|op:
|  OpDiv
|right:
|  IntegerLiteral: 2
