main.adb
<ObjectDecl ["Message"] main.adb:4:4-4:48>

