FunCall
|f_name:
|  Identifier: add
|f_has_safe:
|  SafeAbsent
|f_arguments:
|  ArgList
|  |  ExprArg
|  |  |f_value_expr:
|  |  |  IntegerLiteral: 2
|  |  ExprArg
|  |  |f_value_expr:
|  |  |  IntegerLiteral: 40
