IsClause
|node_expr:
|  DotAccess
|  |receiver:
|  |  Identifier: node
|  |member:
|  |  Identifier: field
|pattern:
|  NodeKindPattern
|  |kind_name:
|  |  Identifier: FieldKind
