p1.adb:7:13: rule violation: call with side effects
7 |       Proc (Read (1), Read (2)); --  FLAG
  |             ^^^^^^^^^^^^^^^^^^

p1.adb:9:13: rule violation: call with side effects
9 |       Proc (Read, Read);         --  FLAG
  |             ^^^^^^^^^^

p1.adb:10:13: rule violation: call with side effects
10 |       Proc (Read2, Read2);       --  FLAG
   |             ^^^^^^^^^^^^

p1.adb:12:13: rule violation: call with side effects
12 |       Proc (Func1 (Read), Read); --  FLAG
   |             ^^^^^^^^^^^^^^^^^^

p1.adb:13:13: rule violation: call with side effects
13 |       Proc (Read, Read_R);       --  FLAG
   |             ^^^^^^^^^^^^

