uncommented.adb:15:1: rule violation: mark BEGIN with package name
15 | begin                 --  FLAG
   | ^^^^^

