main.adb
<AdaNodeList main.adb:4:4-5:66>
<AdaNodeList main.adb:7:22-7:22>

