assign.adb:14:4: rule violation: record component assignment
14 |    O1.Comp1 := 1;   --  FLAG
   |    ^^^^^^^^^^^^^^

