actuals.adb:9:14: rule violation: actual parameter mismatch
9 |       Subp1 (Info => Integer'(Info2));   --  FLAG
  |              ^^^^^^^^^^^^^^^^^^^^^^^

actuals.adb:10:14: rule violation: actual parameter mismatch
10 |       Subp1 (Info => Integer (Info2));   --  FLAG
   |              ^^^^^^^^^^^^^^^^^^^^^^^

