rules3.lkql:1:13: info: register new instance style_checks
rules3.lkql:1:13: error: cannot add instance style_checks twice using the shortcut argument format. Previous instance has been declared in the same set
gnatcheck <version> (<date>)
Copyright <date>, AdaCore.
gnatcheck: error: no rule to check specified
try "gnatcheck --help" for more information.
>>>program returned status code 2
