[1, 2, 3, 4]
[2, 4, 6, 8]
[<OverridingUnspecified main.adb:1:35-1:35>, <SubpSpec main.adb:3:1-3:15>, <DeclarativePart main.adb:3:18-6:1>, <HandledStmts main.adb:6:6-8:1>, <EndName main.adb:8:5-8:9>, <SubpKindProcedure main.adb:3:1-3:10>, <DefiningName main.adb:3:11-3:15>, <AdaNodeList main.adb:4:4-5:66>, <StmtList main.adb:7:4-7:23>, <AdaNodeList main.adb:7:22-7:22>, <Id "Main" main.adb:8:5-8:9>, <Id "Main" main.adb:3:11-3:15>, <ObjectDecl ["Message"] main.adb:4:4-4:48>, <ObjectDecl ["ConstantMessage"] main.adb:5:4-5:66>, <CallStmt main.adb:7:4-7:23>, <DefiningNameList main.adb:4:4-4:11>, <AliasedAbsent main.adb:4:21-4:21>, <ConstantAbsent main.adb:4:21-4:21>, <ModeDefault main.adb:4:21-4:21>, <SubtypeIndication main.adb:4:22-4:28>, <Str ""Hello World !"" main.adb:4:32-4:47>, <DefiningNameList main.adb:5:4-5:19>, <AliasedAbsent main.adb:5:21-5:21>, <ConstantPresent main.adb:5:22-5:30>, <ModeDefault main.adb:5:30-5:30>, <SubtypeIndication main.adb:5:31-5:37>, <Str ""Hello Constant world !"" main.adb:5:41-5:65>, <CallExpr main.adb:7:4-7:22>, <DefiningName main.adb:4:4-4:11>, <NotNullAbsent main.adb:4:21-4:21>, <Id "String" main.adb:4:22-4:28>, <DefiningName main.adb:5:4-5:19>, <NotNullAbsent main.adb:5:30-5:30>, <Id "String" main.adb:5:31-5:37>, <Id "Put_Line" main.adb:7:4-7:12>, <AssocList main.adb:7:14-7:21>, <Id "Message" main.adb:4:4-4:11>, <Id "ConstantMessage" main.adb:5:4-5:19>, <ParamAssoc main.adb:7:14-7:21>, <Id "Message" main.adb:7:14-7:21>]
